Release 14.7 - xst P.20131013 (nt64)
Copyright (c) 1995-2013 Xilinx, Inc.  All rights reserved.
--> Parameter TMPDIR set to xst/projnav.tmp


Total REAL time to Xst completion: 1.00 secs
Total CPU time to Xst completion: 0.11 secs
 
--> Parameter xsthdpdir set to xst


Total REAL time to Xst completion: 1.00 secs
Total CPU time to Xst completion: 0.11 secs
 
--> Reading design: IF.prj

TABLE OF CONTENTS
  1) Synthesis Options Summary
  2) HDL Compilation
  3) Design Hierarchy Analysis
  4) HDL Analysis
  5) HDL Synthesis
     5.1) HDL Synthesis Report
  6) Advanced HDL Synthesis
     6.1) Advanced HDL Synthesis Report
  7) Low Level Synthesis
  8) Partition Report
  9) Final Report
	9.1) Device utilization summary
	9.2) Partition Resource Summary
	9.3) TIMING REPORT


=========================================================================
*                      Synthesis Options Summary                        *
=========================================================================
---- Source Parameters
Input File Name                    : "IF.prj"
Input Format                       : mixed
Ignore Synthesis Constraint File   : NO

---- Target Parameters
Output File Name                   : "IF"
Output Format                      : NGC
Target Device                      : xc3s500e-4-fg320

---- Source Options
Top Module Name                    : IF
Automatic FSM Extraction           : YES
FSM Encoding Algorithm             : Auto
Safe Implementation                : No
FSM Style                          : LUT
RAM Extraction                     : Yes
RAM Style                          : Auto
ROM Extraction                     : Yes
Mux Style                          : Auto
Decoder Extraction                 : YES
Priority Encoder Extraction        : Yes
Shift Register Extraction          : YES
Logical Shifter Extraction         : YES
XOR Collapsing                     : YES
ROM Style                          : Auto
Mux Extraction                     : Yes
Resource Sharing                   : YES
Asynchronous To Synchronous        : NO
Multiplier Style                   : Auto
Automatic Register Balancing       : No

---- Target Options
Add IO Buffers                     : YES
Global Maximum Fanout              : 100000
Add Generic Clock Buffer(BUFG)     : 24
Register Duplication               : YES
Slice Packing                      : YES
Optimize Instantiated Primitives   : NO
Use Clock Enable                   : Yes
Use Synchronous Set                : Yes
Use Synchronous Reset              : Yes
Pack IO Registers into IOBs        : Auto
Equivalent register Removal        : YES

---- General Options
Optimization Goal                  : Speed
Optimization Effort                : 1
Keep Hierarchy                     : No
Netlist Hierarchy                  : As_Optimized
RTL Output                         : Yes
Global Optimization                : AllClockNets
Read Cores                         : YES
Write Timing Constraints           : NO
Cross Clock Analysis               : NO
Hierarchy Separator                : /
Bus Delimiter                      : <>
Case Specifier                     : Maintain
Slice Utilization Ratio            : 100
BRAM Utilization Ratio             : 100
Verilog 2001                       : YES
Auto BRAM Packing                  : NO
Slice Utilization Ratio Delta      : 5

=========================================================================


=========================================================================
*                          HDL Compilation                              *
=========================================================================
Compiling verilog file "PC.v" in library work
Compiling verilog file "IMemory.v" in library work
Module <PC> compiled
Compiling verilog file "IF.v" in library work
Module <IMemory> compiled
Module <IF> compiled
No errors in compilation
Analysis of file <"IF.prj"> succeeded.
 

=========================================================================
*                     Design Hierarchy Analysis                         *
=========================================================================
Analyzing hierarchy for module <IF> in library <work> with parameters.
	CODE_DEPTH = "00000000000000000000000000010000"
	CODE_DIR_WIDTH = "00000000000000000000000000000100"
	PC_WIDTH = "00000000000000000000000000000110"

Analyzing hierarchy for module <PC> in library <work> with parameters.
	PC_WIDTH = "00000000000000000000000000000110"


=========================================================================
*                            HDL Analysis                               *
=========================================================================
Analyzing top module <IF>.
	CODE_DEPTH = 32'sb00000000000000000000000000010000
	CODE_DIR_WIDTH = 32'sb00000000000000000000000000000100
	PC_WIDTH = 32'sb00000000000000000000000000000110
WARNING:Xst:2211 - "IMemory.v" line 42: Instantiating black box module <IMemory>.
Module <IF> is correct for synthesis.
 
    Set user-defined property "CODE_DEPTH =  00000010" for instance <MemoriaInstrucciones> in unit <IF>.
    Set user-defined property "CODE_DIR_WIDTH =  00000004" for instance <MemoriaInstrucciones> in unit <IF>.
    Set user-defined property "PC_WIDTH =  00000006" for instance <MemoriaInstrucciones> in unit <IF>.
Analyzing module <PC> in library <work>.
	PC_WIDTH = 32'sb00000000000000000000000000000110
Module <PC> is correct for synthesis.
 

=========================================================================
*                           HDL Synthesis                               *
=========================================================================

Performing bidirectional port resolution...

Synthesizing Unit <PC>.
    Related source file is "PC.v".
    Found 6-bit register for signal <PCouti>.
    Summary:
	inferred   6 D-type flip-flop(s).
Unit <PC> synthesized.


Synthesizing Unit <IF>.
    Related source file is "IF.v".
WARNING:Xst:646 - Signal <Instruction> is assigned but never used. This unconnected signal will be trimmed during the optimization process.
    Found 3-bit adder for signal <PCnext$add0000> created at line 39.
    Summary:
	inferred   1 Adder/Subtractor(s).
Unit <IF> synthesized.


=========================================================================
HDL Synthesis Report

Macro Statistics
# Adders/Subtractors                                   : 1
 3-bit adder                                           : 1
# Registers                                            : 1
 6-bit register                                        : 1

=========================================================================

=========================================================================
*                       Advanced HDL Synthesis                          *
=========================================================================

WARNING:Xst:2677 - Node <PCouti_1> of sequential type is unconnected in block <PC>.
WARNING:Xst:2677 - Node <PCouti_2> of sequential type is unconnected in block <PC>.
WARNING:Xst:2677 - Node <PCouti_3> of sequential type is unconnected in block <PC>.
WARNING:Xst:2677 - Node <PCouti_4> of sequential type is unconnected in block <PC>.
WARNING:Xst:2677 - Node <PCouti_5> of sequential type is unconnected in block <PC>.

=========================================================================
Advanced HDL Synthesis Report

Macro Statistics
# Adders/Subtractors                                   : 1
 3-bit adder                                           : 1
# Registers                                            : 6
 Flip-Flops                                            : 6

=========================================================================

=========================================================================
*                         Low Level Synthesis                           *
=========================================================================
WARNING:Xst:2677 - Node <PC/PCouti_5> of sequential type is unconnected in block <IF>.
WARNING:Xst:2677 - Node <PC/PCouti_4> of sequential type is unconnected in block <IF>.
WARNING:Xst:2677 - Node <PC/PCouti_3> of sequential type is unconnected in block <IF>.
WARNING:Xst:2677 - Node <PC/PCouti_2> of sequential type is unconnected in block <IF>.
WARNING:Xst:2677 - Node <PC/PCouti_1> of sequential type is unconnected in block <IF>.

Optimizing unit <IF> ...

Mapping all equations...
Building and optimizing final netlist ...
Found area constraint ratio of 100 (+ 5) on block IF, actual ratio is 0.
FlipFlop PC/PCouti_0 has been replicated 1 time(s) to handle iob=true attribute.

Final Macro Processing ...

=========================================================================
Final Register Report

Macro Statistics
# Registers                                            : 2
 Flip-Flops                                            : 2

=========================================================================

=========================================================================
*                           Partition Report                            *
=========================================================================

Partition Implementation Status
-------------------------------

  No Partitions were found in this design.

-------------------------------

=========================================================================
*                            Final Report                               *
=========================================================================
Final Results
RTL Top Level Output File Name     : IF.ngr
Top Level Output File Name         : IF
Output Format                      : NGC
Optimization Goal                  : Speed
Keep Hierarchy                     : No

Design Statistics
# IOs                              : 15

Cell Usage :
# BELS                             : 2
#      GND                         : 1
#      VCC                         : 1
# FlipFlops/Latches                : 2
#      FDCE                        : 2
# Clock Buffers                    : 1
#      BUFGP                       : 1
# IO Buffers                       : 9
#      IBUF                        : 3
#      OBUF                        : 6
# Others                           : 1
#      IMemory                     : 1
=========================================================================

Device utilization summary:
---------------------------

Selected Device : 3s500efg320-4 

 Number of Slices:                        0  out of   4656     0%  
 Number of IOs:                          15
 Number of bonded IOBs:                  10  out of    232     4%  
    IOB Flip Flops:                       2
 Number of GCLKs:                         1  out of     24     4%  

---------------------------
Partition Resource Summary:
---------------------------

  No Partitions were found in this design.

---------------------------


=========================================================================
TIMING REPORT

NOTE: THESE TIMING NUMBERS ARE ONLY A SYNTHESIS ESTIMATE.
      FOR ACCURATE TIMING INFORMATION PLEASE REFER TO THE TRACE REPORT
      GENERATED AFTER PLACE-and-ROUTE.

Clock Information:
------------------
-----------------------------------+------------------------+-------+
Clock Signal                       | Clock buffer(FF name)  | Load  |
-----------------------------------+------------------------+-------+
clk                                | BUFGP                  | 2     |
-----------------------------------+------------------------+-------+

Asynchronous Control Signals Information:
----------------------------------------
-----------------------------------+------------------------+-------+
Control Signal                     | Buffer(FF name)        | Load  |
-----------------------------------+------------------------+-------+
rst                                | IBUF                   | 2     |
-----------------------------------+------------------------+-------+

Timing Summary:
---------------
Speed Grade: -4

   Minimum period: No path found
   Minimum input arrival time before clock: 2.220ns
   Maximum output required time after clock: 4.283ns
   Maximum combinational path delay: No path found

Timing Detail:
--------------
All values displayed in nanoseconds (ns)

=========================================================================
Timing constraint: Default OFFSET IN BEFORE for Clock 'clk'
  Total number of paths / destination ports: 4 / 4
-------------------------------------------------------------------------
Offset:              2.220ns (Levels of Logic = 1)
  Source:            jmp (PAD)
  Destination:       PC/PCouti_0 (FF)
  Destination Clock: clk rising

  Data Path: jmp to PC/PCouti_0
                                Gate     Net
    Cell:in->out      fanout   Delay   Delay  Logical Name (Net Name)
    ----------------------------------------  ------------
     IBUF:I->O             2   1.218   0.447  jmp_IBUF (jmp_IBUF)
     FDCE:CE                   0.555          PC/PCouti_0
    ----------------------------------------
    Total                      2.220ns (1.773ns logic, 0.447ns route)
                                       (79.9% logic, 20.1% route)

=========================================================================
Timing constraint: Default OFFSET OUT AFTER for Clock 'clk'
  Total number of paths / destination ports: 2 / 2
-------------------------------------------------------------------------
Offset:              4.283ns (Levels of Logic = 1)
  Source:            PC/PCouti_0_1 (FF)
  Destination:       PCnext<0> (PAD)
  Source Clock:      clk rising

  Data Path: PC/PCouti_0_1 to PCnext<0>
                                Gate     Net
    Cell:in->out      fanout   Delay   Delay  Logical Name (Net Name)
    ----------------------------------------  ------------
     FDCE:C->Q             1   0.591   0.420  PC/PCouti_0_1 (PC/PCouti_0_1)
     OBUF:I->O                 3.272          PCnext_0_OBUF (PCnext<0>)
    ----------------------------------------
    Total                      4.283ns (3.863ns logic, 0.420ns route)
                                       (90.2% logic, 9.8% route)

=========================================================================
WARNING:Xst:616 - Invalid property "PC_WIDTH 00000006": Did not attach to MemoriaInstrucciones.
WARNING:Xst:616 - Invalid property "CODE_DEPTH 00000010": Did not attach to MemoriaInstrucciones.
WARNING:Xst:616 - Invalid property "CODE_DIR_WIDTH 00000004": Did not attach to MemoriaInstrucciones.


Total REAL time to Xst completion: 5.00 secs
Total CPU time to Xst completion: 4.66 secs
 
--> 

Total memory usage is 285492 kilobytes

Number of errors   :    0 (   0 filtered)
Number of warnings :   18 (   0 filtered)
Number of infos    :    0 (   0 filtered)

